// Vitest Snapshot v1, https://vitest.dev/guide/snapshot.html

exports[`Task Test > 스냅샷 테스트 1`] = `
<DocumentFragment>
  <li
    class="flex justify-between items-center w-30 h-12 shrink-0 border-black border-2 rounded-[15px] shadow-standard bg-white my-4"
  >
    <div
      class="flex justify-left items-center"
    >
      <span
        class="MuiButtonBase-root MuiCheckbox-root MuiCheckbox-colorSecondary MuiCheckbox-sizeMedium PrivateSwitchBase-root MuiCheckbox-root MuiCheckbox-colorSecondary MuiCheckbox-sizeMedium MuiCheckbox-root MuiCheckbox-colorSecondary MuiCheckbox-sizeMedium cursor-pointer css-1sg8fd1-MuiButtonBase-root-MuiCheckbox-root"
      >
        <input
          class="PrivateSwitchBase-input css-1m9pwf3"
          data-indeterminate="false"
          id="1"
          type="checkbox"
        />
        <svg
          aria-hidden="true"
          class="MuiSvgIcon-root MuiSvgIcon-fontSizeMedium css-i4bv87-MuiSvgIcon-root"
          data-testid="CheckBoxOutlineBlankIcon"
          focusable="false"
          viewBox="0 0 24 24"
        >
          <path
            d="M19 5v14H5V5h14m0-2H5c-1.1 0-2 .9-2 2v14c0 1.1.9 2 2 2h14c1.1 0 2-.9 2-2V5c0-1.1-.9-2-2-2z"
          />
        </svg>
        <span
          class="MuiTouchRipple-root css-8je8zh-MuiTouchRipple-root"
        />
      </span>
      <label
        class="flex justify-left items-center"
        for="1"
        style="text-decoration: none;"
      >
        할일 목록 항목
      </label>
    </div>
    <span
      class="flex justify-right items-center"
    >
      <button
        aria-label="수정 버튼"
      >
        <svg
          class="w-6 h-6 shrink-0 mx-1 cursor-pointer"
          fill="currentColor"
          height="1em"
          stroke="currentColor"
          stroke-width="0"
          viewBox="0 0 24 24"
          width="1em"
          xmlns="http://www.w3.org/2000/svg"
        >
          <path
            d="M0 0h24v24H0V0z"
            fill="none"
          />
          <path
            d="M3 17.25V21h3.75L17.81 9.94l-3.75-3.75L3 17.25zM5.92 19H5v-.92l9.06-9.06.92.92L5.92 19zM20.71 5.63l-2.34-2.34c-.2-.2-.45-.29-.71-.29s-.51.1-.7.29l-1.83 1.83 3.75 3.75 1.83-1.83a.996.996 0 000-1.41z"
          />
        </svg>
      </button>
      <button
        aria-label="삭제 버튼"
        class="w-6 h-6 shrink-0 mx-1 cursor-pointer"
      >
        <svg
          aria-hidden="true"
          fill="none"
          height="1em"
          stroke="currentColor"
          stroke-width="2"
          viewBox="0 0 24 24"
          width="1em"
          xmlns="http://www.w3.org/2000/svg"
        >
          <path
            d="M19 7l-.867 12.142A2 2 0 0116.138 21H7.862a2 2 0 01-1.995-1.858L5 7m5 4v6m4-6v6m1-10V4a1 1 0 00-1-1h-4a1 1 0 00-1 1v3M4 7h16"
            stroke-linecap="round"
            stroke-linejoin="round"
          />
        </svg>
      </button>
    </span>
  </li>
</DocumentFragment>
`;
